// Jest Snapshot v1, https://goo.gl/fbAQLP

exports[`App renders with out crashing Renders with redux provider across all modules 1`] = `
<div>
  <div
    class="contain"
  >
    <svg
      height="80"
      viewBox="-30 0 255 80"
      width="255"
    >
      <ellipse
        cx="25"
        cy="20"
        fill="none"
        rx="10"
        ry="10"
      />
    </svg>
    <svg
      height="80"
      viewBox="-30 0 255 80"
      width="255"
    >
      <ellipse
        cx="25"
        cy="20"
        fill="none"
        rx="10"
        ry="10"
      />
    </svg>
    <svg
      height="80"
      viewBox="-30 0 255 80"
      width="255"
    >
      <ellipse
        cx="25"
        cy="20"
        fill="none"
        rx="10"
        ry="10"
      />
    </svg>
    <svg
      height="80"
      viewBox="-30 0 255 80"
      width="255"
    >
      <ellipse
        cx="25"
        cy="20"
        fill="none"
        rx="10"
        ry="10"
      />
    </svg>
    <svg
      height="80"
      viewBox="-30 0 255 80"
      width="255"
    >
      <ellipse
        cx="25"
        cy="20"
        fill="none"
        rx="10"
        ry="10"
      />
    </svg>
    <svg
      height="80"
      viewBox="-30 0 255 80"
      width="255"
    >
      <ellipse
        cx="25"
        cy="20"
        fill="none"
        rx="10"
        ry="10"
      />
    </svg>
    <svg
      height="80"
      viewBox="-30 0 255 80"
      width="255"
    >
      <ellipse
        cx="25"
        cy="20"
        fill="none"
        rx="10"
        ry="10"
      />
    </svg>
    <svg
      height="80"
      viewBox="-30 0 255 80"
      width="255"
    >
      <ellipse
        cx="25"
        cy="20"
        fill="none"
        rx="10"
        ry="10"
      />
    </svg>
    <svg
      height="80"
      viewBox="-30 0 255 80"
      width="255"
    >
      <ellipse
        cx="25"
        cy="20"
        fill="none"
        rx="10"
        ry="10"
      />
    </svg>
    <svg
      height="80"
      viewBox="-30 0 255 80"
      width="255"
    >
      <ellipse
        cx="25"
        cy="20"
        fill="none"
        rx="10"
        ry="10"
      />
    </svg>
  </div>
</div>
`;

exports[`App renders with out crashing Renders with redux provider across all modules 2`] = `
<div>
  <div
    class="contain"
  >
    <svg
      height="80"
      viewBox="-30 0 255 80"
      width="255"
    >
      <ellipse
        cx="25"
        cy="20"
        fill="none"
        rx="10"
        ry="10"
      />
    </svg>
    <svg
      height="80"
      viewBox="-30 0 255 80"
      width="255"
    >
      <ellipse
        cx="25"
        cy="20"
        fill="none"
        rx="10"
        ry="10"
      />
    </svg>
    <svg
      height="80"
      viewBox="-30 0 255 80"
      width="255"
    >
      <ellipse
        cx="25"
        cy="20"
        fill="none"
        rx="10"
        ry="10"
      />
    </svg>
    <svg
      height="80"
      viewBox="-30 0 255 80"
      width="255"
    >
      <ellipse
        cx="25"
        cy="20"
        fill="none"
        rx="10"
        ry="10"
      />
    </svg>
    <svg
      height="80"
      viewBox="-30 0 255 80"
      width="255"
    >
      <ellipse
        cx="25"
        cy="20"
        fill="none"
        rx="10"
        ry="10"
      />
    </svg>
    <svg
      height="80"
      viewBox="-30 0 255 80"
      width="255"
    >
      <ellipse
        cx="25"
        cy="20"
        fill="none"
        rx="10"
        ry="10"
      />
    </svg>
    <svg
      height="80"
      viewBox="-30 0 255 80"
      width="255"
    >
      <ellipse
        cx="25"
        cy="20"
        fill="none"
        rx="10"
        ry="10"
      />
    </svg>
    <svg
      height="80"
      viewBox="-30 0 255 80"
      width="255"
    >
      <ellipse
        cx="25"
        cy="20"
        fill="none"
        rx="10"
        ry="10"
      />
    </svg>
    <svg
      height="80"
      viewBox="-30 0 255 80"
      width="255"
    >
      <ellipse
        cx="25"
        cy="20"
        fill="none"
        rx="10"
        ry="10"
      />
    </svg>
    <svg
      height="80"
      viewBox="-30 0 255 80"
      width="255"
    >
      <ellipse
        cx="25"
        cy="20"
        fill="none"
        rx="10"
        ry="10"
      />
    </svg>
  </div>
</div>
`;
